[16/Jun/2026 16:10:08] "GET /static/css/uad_sig.css HTTP/1.1" 200 32107
[16/Jun/2026 16:10:08] "GET /accounts/login/ HTTP/1.1" 200 25674
[16/Jun/2026 16:10:08,385] - Broken pipe from ('127.0.0.1', 53379)
[16/Jun/2026 16:10:08,497] - Broken pipe from ('127.0.0.1', 53380)
[16/Jun/2026 16:12:53] "GET / HTTP/1.1" 302 0
Session data corrupted
[16/Jun/2026 16:12:53] "GET /dashboard/ HTTP/1.1" 302 0
Session data corrupted
[16/Jun/2026 16:12:53] "GET /accounts/login/?next=/dashboard/ HTTP/1.1" 200 25674
[16/Jun/2026 16:12:53] "GET /static/css/uad_sig.css HTTP/1.1" 200 32107
[16/Jun/2026 16:12:53] "GET /static/images/logo_uad_sig.svg HTTP/1.1" 200 2348
[16/Jun/2026 16:12:53] "GET /static/images/drone_campus.jpg HTTP/1.1" 200 65938
[16/Jun/2026 16:12:54] "GET /static/js/uad_sig.js HTTP/1.1" 200 9713
Not Found: /favicon.ico
[16/Jun/2026 16:12:54] "GET /favicon.ico HTTP/1.1" 404 3901
Session data corrupted
Session data corrupted
[16/Jun/2026 16:14:00,454] - Broken pipe from ('127.0.0.1', 55649)
[16/Jun/2026 16:14:01] "POST /accounts/login/?next=/dashboard/ HTTP/1.1" 302 0
[16/Jun/2026 16:14:01] "GET /dashboard/ HTTP/1.1" 200 24886
[16/Jun/2026 16:14:50] "GET / HTTP/1.1" 302 0
[16/Jun/2026 16:14:50] "GET /dashboard/ HTTP/1.1" 200 24886
[16/Jun/2026 16:15:20] "GET / HTTP/1.1" 302 0
[16/Jun/2026 16:15:20] "GET /dashboard/ HTTP/1.1" 200 24886
[16/Jun/2026 16:19:13] "GET /navigation/ HTTP/1.1" 200 16414
[16/Jun/2026 16:19:13] "GET /static/css/uad_sig.css HTTP/1.1" 304 0
[16/Jun/2026 16:19:13] "GET /static/images/logo_uad_sig.svg HTTP/1.1" 304 0
[16/Jun/2026 16:19:13] "GET /static/js/uad_sig.js HTTP/1.1" 304 0
[16/Jun/2026 16:19:14] "GET /api/batiments/ HTTP/1.1" 200 42
[16/Jun/2026 16:19:14] "GET /api/espaces/ HTTP/1.1" 200 42
[16/Jun/2026 16:19:15] "GET /navigation/ HTTP/1.1" 200 16414
[16/Jun/2026 16:19:16] "GET /api/espaces/ HTTP/1.1" 200 42
[16/Jun/2026 16:19:16] "GET /api/batiments/ HTTP/1.1" 200 42
[16/Jun/2026 16:19:16] "GET /constructions/historique/ HTTP/1.1" 200 6248
[16/Jun/2026 16:19:20] "GET /accounts/users/ HTTP/1.1" 200 17384
[16/Jun/2026 16:35:01] "GET /static/images/logo_uadb.svg HTTP/1.1" 200 2814
[16/Jun/2026 16:35:01,684] - Broken pipe from ('127.0.0.1', 65289)
[16/Jun/2026 16:37:24] "GET /accounts/users/ HTTP/1.1" 200 17384
[16/Jun/2026 16:37:24] "GET /static/css/uad_sig.css HTTP/1.1" 200 32374
[16/Jun/2026 16:37:24] "GET /static/images/logo_uad_sig.svg HTTP/1.1" 304 0
[16/Jun/2026 16:37:24] "GET /static/js/uad_sig.js HTTP/1.1" 304 0
[16/Jun/2026 16:37:34] "GET / HTTP/1.1" 302 0
[16/Jun/2026 16:37:34] "GET /dashboard/ HTTP/1.1" 200 24890
[16/Jun/2026 16:37:48] "POST /accounts/logout/ HTTP/1.1" 302 0
[16/Jun/2026 16:37:48] "GET /accounts/login/ HTTP/1.1" 200 25674
[16/Jun/2026 16:37:48] "GET /static/css/uad_sig.css HTTP/1.1" 304 0
[16/Jun/2026 16:37:48] "GET /static/images/drone_campus.jpg HTTP/1.1" 304 0
[16/Jun/2026 16:49:45] "POST /accounts/login/ HTTP/1.1" 302 0
[16/Jun/2026 16:49:45] "GET /dashboard/ HTTP/1.1" 200 24829
[16/Jun/2026 16:49:45] "GET /static/css/uad_sig.css HTTP/1.1" 304 0
[16/Jun/2026 16:49:45] "GET /static/images/logo_uad_sig.svg HTTP/1.1" 304 0
[16/Jun/2026 16:49:45] "GET /static/js/uad_sig.js HTTP/1.1" 304 0
[16/Jun/2026 16:50:16] "GET /foncier/espaces/ HTTP/1.1" 302 0
[16/Jun/2026 16:50:16] "GET /dashboard/ HTTP/1.1" 200 25141
[16/Jun/2026 16:50:24] "GET /foncier/cartographie/ HTTP/1.1" 200 23995
[16/Jun/2026 16:50:25] "GET /api/batiments/ HTTP/1.1" 200 42
[16/Jun/2026 16:50:25] "GET /api/espaces/ HTTP/1.1" 200 42
[16/Jun/2026 16:50:55] "GET /foncier/batiments/ HTTP/1.1" 200 11178
[16/Jun/2026 16:51:10] "GET /constructions/historique/ HTTP/1.1" 200 6248
[16/Jun/2026 16:51:13] "GET /navigation/ HTTP/1.1" 200 16414
[16/Jun/2026 16:51:13] "GET /api/espaces/ HTTP/1.1" 200 42
[16/Jun/2026 16:51:13] "GET /api/batiments/ HTTP/1.1" 200 42
[16/Jun/2026 16:51:20] "GET /accounts/users/ HTTP/1.1" 200 17384
[16/Jun/2026 16:51:20] "GET /static/css/uad_sig.css HTTP/1.1" 304 0
[16/Jun/2026 16:51:46] "GET /accounts/activity/ HTTP/1.1" 200 14220
[16/Jun/2026 16:51:51] "GET /accounts/users/ HTTP/1.1" 200 17384
Not Found: /.well-known/appspecific/com.chrome.devtools.json
[16/Jun/2026 16:52:08] "GET /.well-known/appspecific/com.chrome.devtools.json HTTP/1.1" 404 4012
[16/Jun/2026 16:52:08,990] - Broken pipe from ('127.0.0.1', 53366)
[16/Jun/2026 17:22:53] "GET /accounts/profile/ HTTP/1.1" 200 15341
[16/Jun/2026 17:22:53] "GET /static/css/uad_sig.css HTTP/1.1" 304 0
[16/Jun/2026 17:22:53] "GET /static/images/logo_uad_sig.svg HTTP/1.1" 304 0
[16/Jun/2026 17:22:53] "GET /static/js/uad_sig.js HTTP/1.1" 304 0
[16/Jun/2026 17:22:57] "POST /accounts/logout/ HTTP/1.1" 302 0
[16/Jun/2026 17:22:57] "GET /accounts/login/ HTTP/1.1" 200 25674
[16/Jun/2026 17:22:57] "GET /static/images/drone_campus.jpg HTTP/1.1" 304 0
[16/Jun/2026 17:23:14] "POST /accounts/login/ HTTP/1.1" 302 0
[16/Jun/2026 17:23:14] "GET /dashboard/ HTTP/1.1" 200 24806
[16/Jun/2026 17:23:25] "GET /foncier/cartographie/ HTTP/1.1" 200 23995
[16/Jun/2026 17:23:26] "GET /api/batiments/ HTTP/1.1" 200 42
[16/Jun/2026 17:23:26] "GET /api/espaces/ HTTP/1.1" 200 42
[16/Jun/2026 20:00:47] "GET /dashboard/ HTTP/1.1" 200 24858
[16/Jun/2026 20:00:47] "GET /static/css/uad_sig.css HTTP/1.1" 304 0
[16/Jun/2026 20:00:47] "GET /static/images/logo_uad_sig.svg HTTP/1.1" 304 0
[16/Jun/2026 20:00:48] "GET /static/js/uad_sig.js HTTP/1.1" 304 0
[16/Jun/2026 20:00:53] "GET /foncier/espaces/ HTTP/1.1" 302 0
[16/Jun/2026 20:00:53] "GET /dashboard/ HTTP/1.1" 200 25170
[16/Jun/2026 20:01:00] "GET /dashboard/ HTTP/1.1" 200 24858
[16/Jun/2026 20:01:06] "GET /dashboard/ HTTP/1.1" 200 24858
[16/Jun/2026 20:01:15] "GET /accounts/login/?next=/dashboard/ HTTP/1.1" 302 0
[17/Jun/2026 11:34:08] "GET / HTTP/1.1" 302 0
[17/Jun/2026 11:34:09] "GET /dashboard/ HTTP/1.1" 200 24845
[17/Jun/2026 11:34:09] "GET /static/images/logo_uad_sig.svg HTTP/1.1" 304 0
[17/Jun/2026 11:34:09] "GET /static/css/uad_sig.css HTTP/1.1" 304 0
[17/Jun/2026 11:34:09] "GET /static/js/uad_sig.js HTTP/1.1" 304 0
[17/Jun/2026 11:34:32] "POST /accounts/logout/ HTTP/1.1" 302 0
[17/Jun/2026 11:34:32] "GET /accounts/login/ HTTP/1.1" 200 25674
[17/Jun/2026 11:34:32] "GET /static/images/drone_campus.jpg HTTP/1.1" 304 0
[17/Jun/2026 11:35:15] "POST /accounts/login/ HTTP/1.1" 302 0
[17/Jun/2026 11:35:16] "GET /dashboard/ HTTP/1.1" 200 24847
[17/Jun/2026 11:35:24] "GET /navigation/ HTTP/1.1" 200 16414
[17/Jun/2026 11:35:25] "GET /api/espaces/ HTTP/1.1" 200 42
[17/Jun/2026 11:35:25] "GET /api/batiments/ HTTP/1.1" 200 42
[17/Jun/2026 11:35:26] "GET /foncier/cartographie/ HTTP/1.1" 200 23995
[17/Jun/2026 11:35:27] "GET /api/batiments/ HTTP/1.1" 200 42
[17/Jun/2026 11:35:27] "GET /api/espaces/ HTTP/1.1" 200 42
[17/Jun/2026 11:53:16] "GET / HTTP/1.1" 302 0
[17/Jun/2026 11:53:16] "GET /dashboard/ HTTP/1.1" 200 24850
[17/Jun/2026 11:53:24] "GET /foncier/cartographie/ HTTP/1.1" 200 23995
[17/Jun/2026 11:53:24] "GET /api/espaces/ HTTP/1.1" 200 42
[17/Jun/2026 11:53:24] "GET /api/batiments/ HTTP/1.1" 200 42
[17/Jun/2026 11:53:26] "GET /foncier/espaces/ HTTP/1.1" 302 0
[17/Jun/2026 11:53:26] "GET /dashboard/ HTTP/1.1" 200 25162
[17/Jun/2026 11:53:28] "GET /foncier/batiments/ HTTP/1.1" 200 11178
[17/Jun/2026 11:53:40] "POST /accounts/logout/ HTTP/1.1" 302 0
[17/Jun/2026 11:53:40] "GET /accounts/login/ HTTP/1.1" 200 25674
[17/Jun/2026 11:53:53] "POST /accounts/login/ HTTP/1.1" 302 0
[17/Jun/2026 11:53:53] "GET /dashboard/ HTTP/1.1" 200 24825
[17/Jun/2026 11:54:01] "POST /accounts/logout/ HTTP/1.1" 302 0
[17/Jun/2026 11:54:01] "GET /accounts/login/ HTTP/1.1" 200 25674
[17/Jun/2026 11:54:10] "POST /accounts/login/ HTTP/1.1" 200 25867
[17/Jun/2026 11:54:19] "POST /accounts/login/ HTTP/1.1" 200 25861
[17/Jun/2026 11:54:56,220] - Broken pipe from ('127.0.0.1', 61136)
[17/Jun/2026 11:54:58] "POST /accounts/login/ HTTP/1.1" 302 0
[17/Jun/2026 11:54:58] "GET /dashboard/ HTTP/1.1" 200 24769
Forbidden (CSRF token from POST incorrect.): /accounts/login/
[17/Jun/2026 11:54:58] "POST /accounts/login/ HTTP/1.1" 403 2526
[17/Jun/2026 11:55:39] "GET / HTTP/1.1" 302 0
[17/Jun/2026 11:55:39] "GET /dashboard/ HTTP/1.1" 200 24769
[17/Jun/2026 12:03:15] "GET /accounts/login/ HTTP/1.1" 302 0
[17/Jun/2026 12:03:15] "GET /dashboard/ HTTP/1.1" 200 25644
[17/Jun/2026 12:03:20] "POST /accounts/logout/ HTTP/1.1" 302 0
[17/Jun/2026 12:03:20] "GET /accounts/login/ HTTP/1.1" 200 25674
[17/Jun/2026 12:03:59] "POST /accounts/login/ HTTP/1.1" 200 25848
[17/Jun/2026 12:04:30] "POST /accounts/login/ HTTP/1.1" 200 25848
[17/Jun/2026 14:38:25,622] - Broken pipe from ('127.0.0.1', 58814)
[17/Jun/2026 14:38:27] "POST /accounts/login/ HTTP/1.1" 302 0
[17/Jun/2026 14:38:27] "GET /dashboard/ HTTP/1.1" 200 25702
[17/Jun/2026 14:38:27] "GET /static/css/uad_sig.css HTTP/1.1" 304 0
[17/Jun/2026 14:38:27] "GET /static/images/logo_uad_sig.svg HTTP/1.1" 304 0
[17/Jun/2026 14:38:28] "GET /static/js/uad_sig.js HTTP/1.1" 304 0
[17/Jun/2026 14:38:32] "GET /foncier/batiments/ HTTP/1.1" 200 11985
[17/Jun/2026 14:40:07] "GET /foncier/batiments/ajouter/ HTTP/1.1" 200 14068
[17/Jun/2026 14:40:09] "GET /api/batiments/ HTTP/1.1" 200 42
[17/Jun/2026 14:40:09] "GET /api/espaces/ HTTP/1.1" 200 42
[17/Jun/2026 14:42:50] "POST /foncier/batiments/ajouter/ HTTP/1.1" 200 14685
[17/Jun/2026 14:42:50] "GET /api/espaces/ HTTP/1.1" 200 42
[17/Jun/2026 14:42:50] "GET /api/batiments/ HTTP/1.1" 200 42
[17/Jun/2026 14:44:12] "GET /navigation/ HTTP/1.1" 200 17050
[17/Jun/2026 14:44:12] "GET /api/espaces/ HTTP/1.1" 200 42
[17/Jun/2026 14:44:12] "GET /api/batiments/ HTTP/1.1" 200 42
[17/Jun/2026 14:44:20] "GET /navigation/ajax/?q=nn HTTP/1.1" 200 17
[17/Jun/2026 14:53:17] "GET /foncier/batiments/ HTTP/1.1" 200 11985
[17/Jun/2026 14:53:22] "GET /foncier/espaces/ HTTP/1.1" 200 12509
[17/Jun/2026 16:36:23] "GET / HTTP/1.1" 302 0
Session data corrupted
[17/Jun/2026 16:36:23] "GET /dashboard/ HTTP/1.1" 302 0
Session data corrupted
[17/Jun/2026 16:36:23] "GET /accounts/login/?next=/dashboard/ HTTP/1.1" 200 25674
[17/Jun/2026 16:36:23] "GET /static/css/uad_sig.css HTTP/1.1" 200 32374
[17/Jun/2026 16:36:24] "GET /static/images/drone_campus.jpg HTTP/1.1" 200 65938
[17/Jun/2026 16:36:24] "GET /static/js/uad_sig.js HTTP/1.1" 200 9713
[17/Jun/2026 16:36:24] "GET /static/images/logo_uad_sig.svg HTTP/1.1" 200 2348
[17/Jun/2026 16:36:53] "GET / HTTP/1.1" 302 0
[17/Jun/2026 16:36:53] "GET /dashboard/ HTTP/1.1" 200 25726
[17/Jun/2026 16:37:05] "GET /foncier/espaces/ HTTP/1.1" 200 12509
[17/Jun/2026 16:37:06] "GET /foncier/batiments/ HTTP/1.1" 200 11985
[17/Jun/2026 16:37:10] "GET /foncier/batiments/ajouter/ HTTP/1.1" 200 14068
[17/Jun/2026 16:37:11] "GET /api/espaces/ HTTP/1.1" 200 42
[17/Jun/2026 16:37:11] "GET /api/batiments/ HTTP/1.1" 200 42
[17/Jun/2026 16:38:19] "POST /foncier/batiments/ajouter/ HTTP/1.1" 302 0
[17/Jun/2026 16:38:19] "GET /foncier/batiments/ HTTP/1.1" 200 13964
[17/Jun/2026 16:38:29] "GET /foncier/espaces/ HTTP/1.1" 200 12509
[17/Jun/2026 16:38:36] "GET /constructions/nouvelle/ HTTP/1.1" 200 22199
[17/Jun/2026 16:38:37] "GET /api/espaces/ HTTP/1.1" 200 42
[17/Jun/2026 16:38:37] "GET /api/batiments/ HTTP/1.1" 200 472
[17/Jun/2026 16:38:52] "GET /foncier/espaces/ HTTP/1.1" 200 12509
[17/Jun/2026 16:38:55] "GET /foncier/batiments/ HTTP/1.1" 200 13655
[17/Jun/2026 16:38:57] "GET /foncier/batiments/ HTTP/1.1" 200 13655
[17/Jun/2026 16:39:02] "GET /foncier/espaces/ HTTP/1.1" 200 12509
[17/Jun/2026 16:39:05] "GET /constructions/nouvelle/ HTTP/1.1" 200 22199
[17/Jun/2026 16:39:06] "GET /api/espaces/ HTTP/1.1" 200 42
[17/Jun/2026 16:39:06] "GET /api/batiments/ HTTP/1.1" 200 472
[17/Jun/2026 16:40:49] "GET /foncier/espaces/ HTTP/1.1" 200 12509
[17/Jun/2026 16:40:52] "GET /foncier/batiments/ HTTP/1.1" 200 13655
[17/Jun/2026 16:40:54] "GET /foncier/batiments/1/supprimer/ HTTP/1.1" 200 7676
[17/Jun/2026 16:40:57] "POST /foncier/batiments/1/supprimer/ HTTP/1.1" 302 0
[17/Jun/2026 16:40:57] "GET /foncier/batiments/ HTTP/1.1" 200 12284
[17/Jun/2026 16:41:08] "GET /drones/ HTTP/1.1" 200 15602
[17/Jun/2026 16:53:14] "GET /pdu/ HTTP/1.1" 200 13934
[17/Jun/2026 16:53:14] "GET /static/css/uad_sig.css HTTP/1.1" 304 0
[17/Jun/2026 16:53:16] "GET /api/espaces/ HTTP/1.1" 200 42
[17/Jun/2026 16:53:17] "GET /api/batiments/ HTTP/1.1" 200 42
[17/Jun/2026 16:53:25] "GET /constructions/historique/ HTTP/1.1" 200 7163
[17/Jun/2026 17:45:52] "GET / HTTP/1.1" 302 0
[17/Jun/2026 17:45:52] "GET /dashboard/ HTTP/1.1" 200 25726
[17/Jun/2026 17:45:52] "GET /static/images/logo_uad_sig.svg HTTP/1.1" 304 0
[17/Jun/2026 17:45:54] "GET /static/js/uad_sig.js HTTP/1.1" 304 0
[17/Jun/2026 17:46:04] "GET /pdu/ HTTP/1.1" 200 13934
[17/Jun/2026 17:46:05] "GET /api/espaces/ HTTP/1.1" 200 42
[17/Jun/2026 17:46:05] "GET /api/batiments/ HTTP/1.1" 200 42
[18/Jun/2026 10:59:16] "GET / HTTP/1.1" 302 0
[18/Jun/2026 10:59:16] "GET /dashboard/ HTTP/1.1" 200 25728
[18/Jun/2026 10:59:16] "GET /static/css/uad_sig.css HTTP/1.1" 304 0
[18/Jun/2026 10:59:17] "GET /static/images/logo_uad_sig.svg HTTP/1.1" 304 0
[18/Jun/2026 10:59:17] "GET /static/js/uad_sig.js HTTP/1.1" 304 0
Not Found: /favicon.ico
[18/Jun/2026 10:59:17] "GET /favicon.ico HTTP/1.1" 404 3901
[18/Jun/2026 10:59:21] "GET /pdu/ HTTP/1.1" 200 13934
[18/Jun/2026 10:59:21] "GET /api/espaces/ HTTP/1.1" 200 42
[18/Jun/2026 10:59:21] "GET /api/batiments/ HTTP/1.1" 200 42
[18/Jun/2026 11:08:27] "GET / HTTP/1.1" 302 0
[18/Jun/2026 11:08:28] "GET /dashboard/ HTTP/1.1" 200 25732
[18/Jun/2026 11:08:38] "GET /pdu/ HTTP/1.1" 200 13934
[18/Jun/2026 11:08:39] "GET /api/espaces/ HTTP/1.1" 200 42
[18/Jun/2026 11:08:39] "GET /api/batiments/ HTTP/1.1" 200 42
[18/Jun/2026 11:08:46] "GET /drones/ HTTP/1.1" 200 15602
[18/Jun/2026 11:08:49] "GET /constructions/nouvelle/ HTTP/1.1" 200 22199
[18/Jun/2026 11:08:49] "GET /api/espaces/ HTTP/1.1" 200 42
[18/Jun/2026 11:08:49] "GET /api/batiments/ HTTP/1.1" 200 42
[18/Jun/2026 11:08:55] "GET /constructions/historique/ HTTP/1.1" 200 7163
[18/Jun/2026 11:08:57] "GET /foncier/espaces/ HTTP/1.1" 200 12509
[18/Jun/2026 11:08:59] "GET /foncier/batiments/ HTTP/1.1" 200 11985
[18/Jun/2026 11:09:02] "GET /foncier/cartographie/ HTTP/1.1" 200 24897
[18/Jun/2026 11:09:03] "GET /api/espaces/ HTTP/1.1" 200 42
[18/Jun/2026 11:09:03] "GET /api/batiments/ HTTP/1.1" 200 42
[18/Jun/2026 11:09:06] "GET /dashboard/ HTTP/1.1" 200 25732
[18/Jun/2026 11:10:27] "GET /foncier/cartographie/ HTTP/1.1" 200 24897
[18/Jun/2026 11:10:28] "GET /api/espaces/ HTTP/1.1" 200 42
[18/Jun/2026 11:10:28] "GET /api/batiments/ HTTP/1.1" 200 42
[18/Jun/2026 11:10:29] "GET /foncier/espaces/ HTTP/1.1" 200 12509
[18/Jun/2026 11:10:32] "GET /foncier/batiments/ HTTP/1.1" 200 11985
[18/Jun/2026 11:12:41] "GET /drones/ HTTP/1.1" 200 15602
[18/Jun/2026 11:12:45] "GET /foncier/batiments/ HTTP/1.1" 200 11985
[18/Jun/2026 11:12:54] "GET /foncier/espaces/ HTTP/1.1" 200 12509
[18/Jun/2026 11:12:58] "GET /foncier/cartographie/ HTTP/1.1" 200 24897
[18/Jun/2026 11:12:59] "GET /api/espaces/ HTTP/1.1" 200 42
[18/Jun/2026 11:12:59] "GET /api/batiments/ HTTP/1.1" 200 42
[18/Jun/2026 11:13:03] "GET /dashboard/ HTTP/1.1" 200 25732
[18/Jun/2026 11:22:17] "GET / HTTP/1.1" 302 0
Session data corrupted
[18/Jun/2026 11:22:17] "GET /dashboard/ HTTP/1.1" 302 0
Session data corrupted
[18/Jun/2026 11:22:17] "GET /accounts/login/?next=/dashboard/ HTTP/1.1" 200 25674
[18/Jun/2026 11:22:17] "GET /static/css/uad_sig.css HTTP/1.1" 304 0
[18/Jun/2026 11:22:17] "GET /static/images/drone_campus.jpg HTTP/1.1" 304 0
[18/Jun/2026 11:22:17] "GET /static/images/logo_uad_sig.svg HTTP/1.1" 304 0
[18/Jun/2026 11:22:17] "GET /static/js/uad_sig.js HTTP/1.1" 304 0
[18/Jun/2026 11:27:31] "GET /dashboard/ HTTP/1.1" 200 25733
[18/Jun/2026 11:27:35] "GET /pdu/ HTTP/1.1" 200 13934
[18/Jun/2026 11:27:36] "GET /api/espaces/ HTTP/1.1" 200 42
[18/Jun/2026 11:27:36] "GET /api/batiments/ HTTP/1.1" 200 42
[18/Jun/2026 11:27:45] "GET / HTTP/1.1" 302 0
[18/Jun/2026 11:27:45] "GET /dashboard/ HTTP/1.1" 200 25733
Not Found: /favicon.ico
[18/Jun/2026 11:27:46] "GET /favicon.ico HTTP/1.1" 404 3901
[18/Jun/2026 11:27:51] "GET /pdu/ HTTP/1.1" 200 13934
[18/Jun/2026 11:27:52] "GET /api/espaces/ HTTP/1.1" 200 42
[18/Jun/2026 11:27:52] "GET /api/batiments/ HTTP/1.1" 200 42
[18/Jun/2026 11:27:57] "GET /dashboard/ HTTP/1.1" 200 25733
[18/Jun/2026 11:29:04] "GET / HTTP/1.1" 302 0
[18/Jun/2026 11:29:05] "GET /dashboard/ HTTP/1.1" 200 25733
[18/Jun/2026 11:29:12] "GET /pdu/ HTTP/1.1" 200 13934
[18/Jun/2026 11:29:13] "GET /api/espaces/ HTTP/1.1" 200 42
[18/Jun/2026 11:29:13] "GET /api/batiments/ HTTP/1.1" 200 42
